../usercodes/sac/motor/motor.c:110:6:motorsInit	8	static
../usercodes/sac/motor/motor.c:121:6:motorsControl_1ms	24	static
../usercodes/sac/motor/motor.c:150:6:motorsDriveManual	16	static
../usercodes/sac/motor/motor.c:155:6:motorsDriveFB	16	static
../usercodes/sac/motor/motor.c:159:6:motorsResetRound	4	static
../usercodes/sac/motor/motor.c:163:6:motorsReadRps	16	static
../usercodes/sac/motor/motor.c:168:6:motorsReadPower	16	static
../usercodes/sac/motor/motor.c:173:6:motorsReadRound	16	static
../usercodes/sac/motor/motor.c:212:6:motorDrive	24	static
../usercodes/sac/motor/motor.c:289:9:encoderCalcStep	24	static
