../usercodes/sac/linmkrssr/linmkrssr.c:156:6:linesensorsInit	56	static
../usercodes/sac/linmkrssr/linmkrssr.c:174:6:linesensorsCalibration	24	static
../usercodes/sac/linmkrssr/linmkrssr.c:204:6:linesensorsMeasure_1ms	16	static
../usercodes/sac/linmkrssr/linmkrssr.c:222:7:linesensorsReadPosition	16	static
../usercodes/sac/linmkrssr/linmkrssr.c:239:9:linesensorsReadBin	4	static
../usercodes/sac/linmkrssr/linmkrssr.c:243:6:linesensorsDebug	16	static
../usercodes/sac/linmkrssr/linmkrssr.c:255:6:markersensorsInit	16	static
../usercodes/sac/linmkrssr/linmkrssr.c:261:6:markersensorsCalibration	24	static
../usercodes/sac/linmkrssr/linmkrssr.c:273:6:markersensorsMeasure_1ms	16	static
../usercodes/sac/linmkrssr/linmkrssr.c:281:6:markersensorsDebug	16	static
../usercodes/sac/linmkrssr/linmkrssr.c:286:9:markersensorsRead	4	static
../usercodes/sac/linmkrssr/linmkrssr.c:311:14:nrmGain	16	static
../usercodes/sac/linmkrssr/linmkrssr.c:315:14:nrmOffset	16	static
../usercodes/sac/linmkrssr/linmkrssr.c:319:17:wb2threshold	16	static
../usercodes/sac/linmkrssr/linmkrssr.c:323:14:normalize	40	static
../usercodes/sac/linmkrssr/linmkrssr.c:335:14:iirlpf	24	static
../usercodes/sac/linmkrssr/linmkrssr.c:339:13:hysteresis	16	static
